2019-10-21T17:27:59.950+0800: 4.367: [GC [1 CMS-initial-mark: 0K(2652160K)] 666275K(4040128K), 0.1697580 secs] [Times: user=0.34 sys=0.00, real=0.17 secs] 
2019-10-21T17:28:00.120+0800: 4.537: [CMS-concurrent-mark-start]
2019-10-21T17:28:00.152+0800: 4.569: [CMS-concurrent-mark: 0.032/0.032 secs] [Times: user=0.07 sys=0.01, real=0.03 secs] 
2019-10-21T17:28:00.152+0800: 4.569: [CMS-concurrent-preclean-start]
2019-10-21T17:28:00.170+0800: 4.587: [CMS-concurrent-preclean: 0.017/0.018 secs] [Times: user=0.05 sys=0.01, real=0.02 secs] 
2019-10-21T17:28:00.170+0800: 4.587: [CMS-concurrent-abortable-preclean-start]
2019-10-21T17:28:02.950+0800: 7.366: [GC2019-10-21T17:28:02.950+0800: 7.366: [ParNew2019-10-21T17:28:02.962+0800: 7.379: [CMS-concurrent-abortable-preclean: 0.224/2.792 secs] [Times: user=5.27 sys=0.31, real=2.80 secs] 
: 1233792K->41733K(1387968K), 0.0513230 secs] 1233792K->41733K(4040128K), 0.0514500 secs] [Times: user=0.09 sys=0.03, real=0.05 secs] 
2019-10-21T17:28:03.001+0800: 7.418: [GC[YG occupancy: 113046 K (1387968 K)]2019-10-21T17:28:03.001+0800: 7.418: [Rescan (parallel) , 0.0086210 secs]2019-10-21T17:28:03.010+0800: 7.427: [weak refs processing, 0.0000240 secs]2019-10-21T17:28:03.010+0800: 7.427: [class unloading, 0.0036500 secs]2019-10-21T17:28:03.014+0800: 7.430: [scrub symbol table, 0.0025560 secs]2019-10-21T17:28:03.016+0800: 7.433: [scrub string table, 0.0003520 secs] [1 CMS-remark: 0K(2652160K)] 113046K(4040128K), 0.0158900 secs] [Times: user=0.04 sys=0.00, real=0.02 secs] 
2019-10-21T17:28:03.017+0800: 7.434: [CMS-concurrent-sweep-start]
2019-10-21T17:28:03.022+0800: 7.439: [CMS-concurrent-sweep: 0.004/0.005 secs] [Times: user=0.02 sys=0.00, real=0.00 secs] 
2019-10-21T17:28:03.022+0800: 7.439: [CMS-concurrent-reset-start]
2019-10-21T17:28:03.076+0800: 7.493: [CMS-concurrent-reset: 0.053/0.054 secs] [Times: user=0.21 sys=0.05, real=0.05 secs] 
2019-10-21T17:28:07.713+0800: 12.129: [GC2019-10-21T17:28:07.713+0800: 12.129: [ParNew: 1275525K->46332K(1387968K), 0.0509430 secs] 1275525K->46332K(4040128K), 0.0510960 secs] [Times: user=0.12 sys=0.03, real=0.05 secs] 
2019-10-21T17:28:11.059+0800: 15.475: [GC2019-10-21T17:28:11.059+0800: 15.475: [ParNew: 1280124K->37588K(1387968K), 0.0299340 secs] 1280124K->37588K(4040128K), 0.0300390 secs] [Times: user=0.10 sys=0.01, real=0.03 secs] 
2019-10-21T17:28:11.570+0800: 15.987: [GC [1 CMS-initial-mark: 0K(2652160K)] 257266K(4040128K), 0.0826540 secs] [Times: user=0.08 sys=0.00, real=0.09 secs] 
2019-10-21T17:28:11.653+0800: 16.069: [CMS-concurrent-mark-start]
2019-10-21T17:28:11.693+0800: 16.110: [CMS-concurrent-mark: 0.040/0.040 secs] [Times: user=0.18 sys=0.00, real=0.04 secs] 
2019-10-21T17:28:11.693+0800: 16.110: [CMS-concurrent-preclean-start]
2019-10-21T17:28:11.697+0800: 16.114: [CMS-concurrent-preclean: 0.004/0.004 secs] [Times: user=0.02 sys=0.00, real=0.00 secs] 
2019-10-21T17:28:11.697+0800: 16.114: [CMS-concurrent-abortable-preclean-start]
2019-10-21T17:28:14.147+0800: 18.563: [GC2019-10-21T17:28:14.147+0800: 18.563: [ParNew: 1271380K->39661K(1387968K), 0.0324680 secs] 1271380K->39661K(4040128K), 0.0326220 secs] [Times: user=0.11 sys=0.01, real=0.03 secs] 
2019-10-21T17:28:15.730+0800: 20.147: [CMS-concurrent-abortable-preclean: 3.069/4.033 secs] [Times: user=8.95 sys=0.38, real=4.03 secs] 
2019-10-21T17:28:15.730+0800: 20.147: [GC[YG occupancy: 780807 K (1387968 K)]2019-10-21T17:28:15.731+0800: 20.147: [Rescan (parallel) , 0.1022400 secs]2019-10-21T17:28:15.833+0800: 20.249: [weak refs processing, 0.0000330 secs]2019-10-21T17:28:15.833+0800: 20.249: [class unloading, 0.0044370 secs]2019-10-21T17:28:15.837+0800: 20.254: [scrub symbol table, 0.0042680 secs]2019-10-21T17:28:15.842+0800: 20.258: [scrub string table, 0.0005410 secs] [1 CMS-remark: 0K(2652160K)] 780807K(4040128K), 0.1129850 secs] [Times: user=0.38 sys=0.03, real=0.12 secs] 
2019-10-21T17:28:15.844+0800: 20.260: [CMS-concurrent-sweep-start]
2019-10-21T17:28:15.853+0800: 20.270: [CMS-concurrent-sweep: 0.010/0.010 secs] [Times: user=0.03 sys=0.01, real=0.01 secs] 
2019-10-21T17:28:15.853+0800: 20.270: [CMS-concurrent-reset-start]
2019-10-21T17:28:15.876+0800: 20.292: [CMS-concurrent-reset: 0.022/0.022 secs] [Times: user=0.05 sys=0.01, real=0.02 secs] 
2019-10-21T17:28:18.175+0800: 22.592: [GC2019-10-21T17:28:18.175+0800: 22.592: [ParNew: 1273453K->45549K(1387968K), 0.0310160 secs] 1273453K->45549K(4040128K), 0.0311780 secs] [Times: user=0.11 sys=0.00, real=0.03 secs] 
2019-10-21T17:28:21.734+0800: 26.150: [GC2019-10-21T17:28:21.734+0800: 26.150: [ParNew: 1279341K->57600K(1387968K), 0.0360290 secs] 1279341K->57600K(4040128K), 0.0361630 secs] [Times: user=0.17 sys=0.01, real=0.03 secs] 